Running php-build composer

WARNING! Your credentials are stored unencrypted in '/home/runner/.docker/config.json'.
Configure a credential helper to remove this warning. See
https://docs.docker.com/go/credential-store/

Login Succeeded
Pulling docker.pkg.github.com/epiphyt/embed-privacy/php-actions_composer_embed-privacy:php-8.3-build2.1.0
Error response from daemon: manifest unknown
Dockerfile:
FROM php:8.3-cli-alpine
RUN apk add --update --no-cache bash coreutils git make openssh patch unzip zip
#0 building with "default" instance using docker driver

#1 [internal] load build definition from Dockerfile-php-build
#1 transferring dockerfile: 151B 0.0s done
#1 DONE 0.0s

#2 [auth] library/php:pull token for registry-1.docker.io
#2 DONE 0.0s

#3 [internal] load metadata for docker.io/library/php:8.3-cli-alpine
#3 DONE 0.4s

#4 [internal] load .dockerignore
#4 transferring context: 2B done
#4 DONE 0.0s

#5 importing cache manifest from docker.pkg.github.com/epiphyt/embed-privacy/php-actions_composer_embed-privacy:php-8.3-build2.1.0
#5 ERROR: failed to configure registry cache importer: unexpected status from HEAD request to https://docker.pkg.github.com/v2/epiphyt/embed-privacy/php-actions_composer_embed-privacy/manifests/php-8.3-build2.1.0: 401 Unauthorized

#6 [1/2] FROM docker.io/library/php:8.3-cli-alpine@sha256:2ca4d56e7a16690dc7f04e201dedc96acf25398e00953e8381fd55ecf08cc5c3
#6 resolve docker.io/library/php:8.3-cli-alpine@sha256:2ca4d56e7a16690dc7f04e201dedc96acf25398e00953e8381fd55ecf08cc5c3 done
#6 extracting sha256:c066a51cb8f08fd92f761968765bf3470d5d7b621ace29dd0272aea3a9fb7a03
#6 sha256:5f8a8e1e4881b29d30caac11d9e6dc6fba745934221611d4b41c4cf1bc4c9fd5 0B / 17.61MB 0.1s
#6 sha256:381ff1a7cb9b77e25eda47e1e7369939d81d44ca7d9c1c1387b5d7a772f0380d 0B / 2.45kB 0.1s
#6 sha256:d2e13c5b28b4594f75dbd1af9cb61b8ec10d9341618f1a0ccb7276bb931e883b 2.87kB / 2.87kB done
#6 sha256:c066a51cb8f08fd92f761968765bf3470d5d7b621ace29dd0272aea3a9fb7a03 3.47MB / 3.47MB 0.1s done
#6 sha256:81e58ce20ee42516241aa5c35bf87f7eb00c8f5e2d86d83536976efcabb1e547 932B / 932B 0.1s done
#6 sha256:5eeabbe4a58c0ba7108c4fa9c39308060edea989e7d225a7f0ef3ca62138b406 217B / 217B 0.1s done
#6 sha256:24425c89d77837f67dcde5c8079d488c013d0b0d6bcc20bbfec4e0b58d43916f 0B / 12.63MB 0.1s
#6 sha256:65260bc8e6385d5341f5afdbf00b33734d63736be1f7ee18c2bc84baddb255b0 489B / 489B 0.1s done
#6 sha256:2ca4d56e7a16690dc7f04e201dedc96acf25398e00953e8381fd55ecf08cc5c3 10.31kB / 10.31kB done
#6 sha256:f2323dee8533a65112ffd485ad21109d6ab63fc1093b39e36b37db85f66e00d8 8.08kB / 8.08kB done
#6 extracting sha256:c066a51cb8f08fd92f761968765bf3470d5d7b621ace29dd0272aea3a9fb7a03 0.1s done
#6 sha256:5f8a8e1e4881b29d30caac11d9e6dc6fba745934221611d4b41c4cf1bc4c9fd5 17.61MB / 17.61MB 0.2s done
#6 sha256:381ff1a7cb9b77e25eda47e1e7369939d81d44ca7d9c1c1387b5d7a772f0380d 2.45kB / 2.45kB 0.1s done
#6 sha256:24425c89d77837f67dcde5c8079d488c013d0b0d6bcc20bbfec4e0b58d43916f 12.63MB / 12.63MB 0.2s done
#6 sha256:cfaa068e5fee1977a5e5bc90a976d427a544c8babda2a70009d4bbcdd233043d 22.34kB / 22.34kB 0.1s done
#6 sha256:69d0d03b97ad8e75ec6da0367d267f3e409f6489c000eebd29c293449563a111 22.36kB / 22.36kB 0.2s done
#6 extracting sha256:81e58ce20ee42516241aa5c35bf87f7eb00c8f5e2d86d83536976efcabb1e547
#6 extracting sha256:81e58ce20ee42516241aa5c35bf87f7eb00c8f5e2d86d83536976efcabb1e547 done
#6 extracting sha256:5eeabbe4a58c0ba7108c4fa9c39308060edea989e7d225a7f0ef3ca62138b406 done
#6 extracting sha256:24425c89d77837f67dcde5c8079d488c013d0b0d6bcc20bbfec4e0b58d43916f 0.0s done
#6 extracting sha256:65260bc8e6385d5341f5afdbf00b33734d63736be1f7ee18c2bc84baddb255b0
#6 extracting sha256:65260bc8e6385d5341f5afdbf00b33734d63736be1f7ee18c2bc84baddb255b0 done
#6 extracting sha256:5f8a8e1e4881b29d30caac11d9e6dc6fba745934221611d4b41c4cf1bc4c9fd5 0.1s
#6 extracting sha256:5f8a8e1e4881b29d30caac11d9e6dc6fba745934221611d4b41c4cf1bc4c9fd5 0.5s done
#6 extracting sha256:381ff1a7cb9b77e25eda47e1e7369939d81d44ca7d9c1c1387b5d7a772f0380d
#6 extracting sha256:381ff1a7cb9b77e25eda47e1e7369939d81d44ca7d9c1c1387b5d7a772f0380d done
#6 extracting sha256:cfaa068e5fee1977a5e5bc90a976d427a544c8babda2a70009d4bbcdd233043d done
#6 extracting sha256:69d0d03b97ad8e75ec6da0367d267f3e409f6489c000eebd29c293449563a111 done
#6 DONE 1.7s

#7 [2/2] RUN apk add --update --no-cache bash coreutils git make openssh patch unzip zip
#7 0.998 ( 1/24) Installing bash (5.3.9-r1)
#7 1.033   Executing bash-5.3.9-r1.post-install
#7 1.036 ( 2/24) Installing coreutils-env (9.11-r0)
#7 1.044 ( 3/24) Installing coreutils-fmt (9.11-r0)
#7 1.051 ( 4/24) Installing coreutils-sha512sum (9.11-r0)
#7 1.057 ( 5/24) Installing libattr (2.5.2-r2)
#7 1.064 ( 6/24) Installing skalibs-libs (2.15.0.0-r0)
#7 1.072 ( 7/24) Installing utmps-libs (0.1.3.3-r0)
#7 1.079 ( 8/24) Installing coreutils (9.11-r0)
#7 1.112 ( 9/24) Installing libexpat (2.8.2-r0)
#7 1.121 (10/24) Installing pcre2 (10.47-r1)
#7 1.135 (11/24) Installing git (2.54.0-r0)
#7 1.221 (12/24) Installing git-init-template (2.54.0-r0)
#7 1.228 (13/24) Installing make (4.4.1-r4)
#7 1.239 (14/24) Installing openssh-keygen (10.3_p1-r0)
#7 1.249 (15/24) Installing libedit (20260508.3.1-r1)
#7 1.257 (16/24) Installing openssh-client-common (10.3_p1-r0)
#7 1.278 (17/24) Installing openssh-client-default (10.3_p1-r0)
#7 1.290 (18/24) Installing openssh-sftp-server (10.3_p1-r0)
#7 1.298 (19/24) Installing openssh-server-common (10.3_p1-r0)
#7 1.304 (20/24) Installing openssh-server (10.3_p1-r0)
#7 1.324 (21/24) Installing openssh (10.3_p1-r0)
#7 1.334 (22/24) Installing patch (2.8-r0)
#7 1.342 (23/24) Installing unzip (6.0-r16)
#7 1.352 (24/24) Installing zip (3.0-r13)
#7 1.364 Executing busybox-1.37.0-r31.trigger
#7 1.382 OK: 37.1 MiB in 65 packages
#7 DONE 1.4s

#8 exporting to image
#8 exporting layers
#8 exporting layers 0.5s done
#8 writing image sha256:0465949617ce7c93f57a8e41c9e6d4f055feaeb5641925d92da25a1457a293d6 done
#8 naming to docker.pkg.github.com/epiphyt/embed-privacy/php-actions_composer_embed-privacy:php-8.3-build2.1.0 done
#8 DONE 0.5s
------
 > importing cache manifest from docker.pkg.github.com/epiphyt/embed-privacy/php-actions_composer_embed-privacy:php-8.3-build2.1.0:
------
The push refers to repository [docker.pkg.github.com/epiphyt/embed-privacy/php-actions_composer_embed-privacy]
c8a2b030e948: Preparing
dfb430c19dee: Preparing
785cd04161bf: Preparing
7a266d7b38ec: Preparing
6953ebdd3485: Preparing
297da17cf495: Preparing
2cd2bd52a508: Preparing
dc377a45a55b: Preparing
4e33c6166df6: Preparing
cd2b983c6841: Preparing
34884abbe928: Preparing
4e33c6166df6: Waiting
297da17cf495: Waiting
2cd2bd52a508: Waiting
dc377a45a55b: Waiting
cd2b983c6841: Waiting
34884abbe928: Waiting
denied: installation not allowed to Create organization package
WARNING: Failed to push Docker image to "docker.pkg.github.com/epiphyt/embed-privacy/php-actions_composer_embed-privacy:php-8.3-build2.1.0", this is probably due to missing permissions on GitHub.
Will continue as this is just an optimization to improve speed of next build.
Docker tag: docker.pkg.github.com/epiphyt/embed-privacy/php-actions_composer_embed-privacy:php-8.3-build2.1.0
No private keys supplied
Command: composer install --no-dev --no-progress --no-interaction
Skipping env variable PWD
Skipping env variable HOME
Skipping env variable SHLVL
Skipping env variable PATH
